{t_group[1] groupname}
{t_assign[1] }
{t_string[1] hans.maulwurf}
{t_string[1] homer.simpson}
{t_eol[1] }
