{t_string[1] repo}
{t_string[1] project/(a|b|c)/([a-zA-Z0-9_\.\-]+/)*[a-zA-Z0-9_\.\-]+}
{t_eol[1] }
{t_string[2] C}
{t_assign[2] }
{t_group[2] devs}
{t_eol[2] }
{t_string[3] RW+}
{t_assign[3] }
{t_group[3] users}
{t_eol[3] }
{t_string[4] config}
{t_string[4] gitweb.url}
{t_assign[4] }
{t_string[4] git@git.example.org:%GL_REPO}
{t_eol[4] }
