root:
  group:
    name: groupname
    members:
      hans.maulwurf
      homer.simpson
