root:
  repo:
    paths:
      foo
      bar
    rules:
      rule:
        permission: RW+C
        members:
          alice
          @teamleads
  repo:
    paths:
      foo
      bahar
    rules:
      rule:
        permission: RW+
        members:
          alice
          @teamleads
